// Jest Snapshot v1, https://goo.gl/fbAQLP

exports[`Input renders 1`] = `"<div class=\\"inputContainer\\"><input type=\\"text\\" class=\\"input\\" pattern=\\"^[1-9][0-9]?$|^100$\\" name=\\"input\\" value=\\"I&#x27;m an input\\" placeholder=\\"Enter a number between 0 and 101\\" required=\\"\\"/></div>"`;
